============================= test session starts =============================
platform win32 -- Python 3.13.2, pytest-9.0.2, pluggy-1.6.0 -- C:\Users\Aditya\AppData\Local\Programs\Python\Python313\python.exe
cachedir: .pytest_cache
rootdir: D:\SimPPL\research-engineering-intern-assignment
plugins: anyio-4.8.0
collecting ... collected 7 items

backend/tests/test_timeseries.py::test_empty_query_returns_400 PASSED    [ 14%]
backend/tests/test_timeseries.py::test_single_char_query_returns_400 PASSED [ 28%]
backend/tests/test_timeseries.py::test_query_no_matches_returns_empty_list PASSED [ 42%]
backend/tests/test_timeseries.py::test_missing_start_end_uses_full_range PASSED [ 57%]
backend/tests/test_timeseries.py::test_single_result PASSED              [ 71%]
backend/tests/test_timeseries.py::test_platform_filter PASSED            [ 85%]
backend/tests/test_timeseries.py::test_date_range_filter PASSED          [100%]

============================== 7 passed in 2.17s ==============================
